// Jest Snapshot v1, https://goo.gl/fbAQLP

exports[`Header should render correctly 1`] = `
<header
  className="header"
>
  <h1
    className="title"
  >
    Cat-Ching
  </h1>
  <div
    className="details"
  >
    <dl
      className="detail"
    >
      <dt
        className="detailKey"
      >
        Target amount:
      </dt>
      <dd
        className="detailValue"
      >
        0.01
      </dd>
    </dl>
  </div>
  <button
    className="resetButton"
    onClick={[MockFunction]}
    type="button"
  >
    Reset
  </button>
</header>
`;
