// Jest Snapshot v1, https://goo.gl/fbAQLP

exports[`Coin should render correctly 1`] = `
<fieldset
  className="container"
>
  <label
    className="header"
    htmlFor="test-id"
  >
    <img
      alt=""
      className="image"
      src="/images/image name"
    />
  </label>
  <div
    className="buttonGroup"
  >
    <Button
      handleOnClick={[Function]}
      id="test-id"
    >
      Add amount
    </Button>
    <Button
      handleOnClick={[Function]}
    >
      Remove amount
    </Button>
    <Button
      handleOnClick={[Function]}
    >
      Show hint
    </Button>
  </div>
</fieldset>
`;
